// Jest Snapshot v1, https://goo.gl/fbAQLP

exports[`SecretReference description 0 1`] = `"AWS Secret Manager secret name: s1"`;

exports[`SecretReference description 1 1`] = `"AWS Secret Manager secret name: s2, property: p2"`;
