// Jest Snapshot v1, https://goo.gl/fbAQLP

exports[`SecretManagerProvider integration 1`] = `
{
  "fromJson": "bar",
  "fromJsonNested": "qux",
  "fullJson": {
    "foo": "bar",
    "nested": {
      "baz": "qux",
    },
  },
  "raw": "raw_string_secret_value",
}
`;
