// Jest Snapshot v1, https://goo.gl/fbAQLP

exports[`ssmProviderFactory loading fails if dataloader has misconfigured maxBatchSize 1`] = `
[
  "Misconfigured dataloader. Missing required \`maxBatchSize: 10\` option",
  "Misconfigured dataloader. Missing required \`maxBatchSize: 10\` option",
  "Misconfigured dataloader. Missing required \`maxBatchSize: 10\` option",
  "Misconfigured dataloader. Missing required \`maxBatchSize: 10\` option",
  "Misconfigured dataloader. Missing required \`maxBatchSize: 10\` option",
  "Misconfigured dataloader. Missing required \`maxBatchSize: 10\` option",
  "Misconfigured dataloader. Missing required \`maxBatchSize: 10\` option",
  "Misconfigured dataloader. Missing required \`maxBatchSize: 10\` option",
  "Misconfigured dataloader. Missing required \`maxBatchSize: 10\` option",
  "Misconfigured dataloader. Missing required \`maxBatchSize: 10\` option",
  "Misconfigured dataloader. Missing required \`maxBatchSize: 10\` option",
  "Misconfigured dataloader. Missing required \`maxBatchSize: 10\` option",
]
`;
