// Jest Snapshot v1, https://goo.gl/fbAQLP

exports[`ENVDependency getting value not available 1`] = `[Error: Config value not available: ENV: key]`;
