// Jest Snapshot v1, https://goo.gl/fbAQLP

exports[`EnvFileProvider description 1`] = `"\\"FOO\\" from ENV file"`;
