// Jest Snapshot v1, https://goo.gl/fbAQLP

exports[`helper ssm loading failure due to lack of parameter 1`] = `[Error: Config value not available: SSM (pallad-config-var1000)]`;
