// Jest Snapshot v1, https://goo.gl/fbAQLP

exports[`ssmProviderFactory ssm loading failure due to lack of parameter 1`] = `[ConfigError: Config value not available: SSM (pallad-config-var1000)]`;
